Java HotSpot(TM) 64-Bit Server VM (25.181-b13) for bsd-amd64 JRE (1.8.0_181-b13), built on Jul  7 2018 01:02:31 by "java_re" with gcc 4.2.1 (Based on Apple Inc. build 5658) (LLVM build 2336.11.00)
Memory: 4k page, physical 8388608k(1009404k free)

/proc/meminfo:

CommandLine flags: -XX:CMSInitiatingOccupancyFraction=60 -XX:CMSTriggerRatio=70 -XX:+HeapDumpOnOutOfMemoryError -XX:HeapDumpPath=/Users/zjz/work/java/eden/project/test/target/test/logs/heapdump_20190616_212245.hprof -XX:InitialHeapSize=2147483648 -XX:MaxHeapSize=2147483648 -XX:MaxNewSize=805306368 -XX:MaxTenuringThreshold=6 -XX:NewSize=805306368 -XX:OldPLABSize=16 -XX:+PrintGC -XX:+PrintGCDateStamps -XX:+PrintGCDetails -XX:+PrintGCTimeStamps -XX:+UseCompressedClassPointers -XX:+UseCompressedOops -XX:+UseConcMarkSweepGC -XX:+UseParNewGC 
2019-06-16T21:22:47.975-0800: 2.224: [GC (CMS Initial Mark) [1 CMS-initial-mark: 0K(1310720K)] 226533K(2018560K), 0.0655652 secs] [Times: user=0.09 sys=0.00, real=0.07 secs] 
2019-06-16T21:22:48.041-0800: 2.289: [CMS-concurrent-mark-start]
2019-06-16T21:22:48.058-0800: 2.307: [CMS-concurrent-mark: 0.017/0.017 secs] [Times: user=0.03 sys=0.01, real=0.01 secs] 
2019-06-16T21:22:48.059-0800: 2.307: [CMS-concurrent-preclean-start]
2019-06-16T21:22:48.062-0800: 2.310: [CMS-concurrent-preclean: 0.003/0.003 secs] [Times: user=0.01 sys=0.00, real=0.01 secs] 
2019-06-16T21:22:48.062-0800: 2.310: [CMS-concurrent-abortable-preclean-start]
 CMS: abort preclean due to time 2019-06-16T21:22:53.072-0800: 7.320: [CMS-concurrent-abortable-preclean: 0.210/5.011 secs] [Times: user=3.06 sys=0.12, real=5.01 secs] 
2019-06-16T21:22:53.072-0800: 7.321: [GC (CMS Final Remark) [YG occupancy: 402724 K (707840 K)]2019-06-16T21:22:53.073-0800: 7.321: [Rescan (parallel) , 0.0752300 secs]2019-06-16T21:22:53.148-0800: 7.396: [weak refs processing, 0.0000358 secs]2019-06-16T21:22:53.148-0800: 7.396: [class unloading, 0.0046768 secs]2019-06-16T21:22:53.153-0800: 7.401: [scrub symbol table, 0.0052170 secs]2019-06-16T21:22:53.158-0800: 7.406: [scrub string table, 0.0004075 secs][1 CMS-remark: 0K(1310720K)] 402724K(2018560K), 0.0868816 secs] [Times: user=0.29 sys=0.00, real=0.08 secs] 
2019-06-16T21:22:53.159-0800: 7.408: [CMS-concurrent-sweep-start]
2019-06-16T21:22:53.160-0800: 7.409: [CMS-concurrent-sweep: 0.001/0.001 secs] [Times: user=0.00 sys=0.00, real=0.01 secs] 
2019-06-16T21:22:53.161-0800: 7.409: [CMS-concurrent-reset-start]
2019-06-16T21:22:53.163-0800: 7.411: [CMS-concurrent-reset: 0.002/0.002 secs] [Times: user=0.00 sys=0.00, real=0.00 secs] 
